1:1 Using using
1:7 Identifier System
1:13 Semicolon ;
3:1 Namespace namespace
3:11 Identifier Demo
3:16 OpenBrace {
4:5 Public public
4:12 Struct struct
4:19 Identifier Pair
4:24 OpenBrace {
5:9 Public public
5:16 Int int
5:20 Identifier Left
5:24 Semicolon ;
6:9 Public public
6:16 Int int
6:20 Identifier Right
6:25 Semicolon ;
7:5 CloseBrace }
9:5 Public public
9:12 Interface interface
9:22 Identifier IReader
9:29 Less <
9:30 Identifier T
9:31 Greater >
9:33 OpenBrace {
10:9 Identifier T
10:11 Identifier Read
10:15 OpenParen (
10:16 CloseParen )
10:17 Semicolon ;
11:5 CloseBrace }
13:5 Public public
13:12 Class class
13:18 Identifier Program
13:26 OpenBrace {
14:9 Public public
14:16 Static static
14:23 Void void
14:28 Identifier Main
14:32 OpenParen (
14:33 StringKeyword string
14:39 OpenBracket [
14:40 CloseBracket ]
14:42 Identifier args
14:46 CloseParen )
14:48 OpenBrace {
15:13 Unsafe unsafe
15:20 OpenBrace {
16:17 Byte byte
16:21 Star *
16:23 Identifier ptr
16:27 Equals =
16:29 StackAlloc stackalloc
16:40 Byte byte
16:44 OpenBracket [
16:45 Number 0x10
16:49 CloseBracket ]
16:50 Semicolon ;
17:17 Identifier ptr
17:20 OpenBracket [
17:21 Number 0
17:22 CloseBracket ]
17:24 Equals =
17:26 Number 1
17:27 Semicolon ;
18:13 CloseBrace }
19:9 CloseBrace }
20:5 CloseBrace }
21:1 CloseBrace }
22:1 EndOfFile <eof>
